// Jest Snapshot v1, https://goo.gl/fbAQLP

exports[`PaymentMethodIcon matches snapshot 1`] = `
<div>
  <img
    alt="Test payment method"
    class="MuiBox-root css-tv7otk"
    src="test-image.png"
  />
</div>
`;
