// Jest Snapshot v1, https://goo.gl/fbAQLP

exports[`ProductImage matches snapshot 1`] = `
<div>
  <div
    class="MuiPaper-root MuiPaper-elevation MuiPaper-rounded MuiPaper-elevation2 MuiCard-root css-1j74uew-MuiPaper-root-MuiCard-root"
    style="--Paper-shadow: 0px 3px 1px -2px rgba(0,0,0,0.2),0px 2px 2px 0px rgba(0,0,0,0.14),0px 1px 5px 0px rgba(0,0,0,0.12);"
  >
    <img
      alt="Test Product"
      class="MuiCardMedia-root MuiCardMedia-media MuiCardMedia-img css-d5zgje-MuiCardMedia-root"
      src="test-image.jpg"
    />
  </div>
</div>
`;
