// Jest Snapshot v1, https://goo.gl/fbAQLP

exports[`ProductHeader matches snapshot 1`] = `
<div>
  <h4
    class="MuiTypography-root MuiTypography-h4 MuiTypography-gutterBottom css-1it4a80-MuiTypography-root"
  >
    Test Product
  </h4>
  <div
    class="MuiBox-root css-1coeexk"
  >
    <span
      aria-label="4.5 Stars"
      class="MuiRating-root MuiRating-sizeMedium Mui-readOnly MuiRating-readOnly css-i0l71t-MuiRating-root"
      role="img"
    >
      <span
        class="MuiRating-decimal css-1czqjfa-MuiRating-decimal"
      >
        <span
          style="width: 0%; overflow: hidden; position: absolute;"
        >
          <span
            class="MuiRating-icon MuiRating-iconFilled css-1sagf1d-MuiRating-icon"
          >
            <svg
              aria-hidden="true"
              class="MuiSvgIcon-root MuiSvgIcon-fontSizeInherit css-1ckov0h-MuiSvgIcon-root"
              data-testid="StarIcon"
              focusable="false"
              viewBox="0 0 24 24"
            >
              <path
                d="M12 17.27L18.18 21l-1.64-7.03L22 9.24l-7.19-.61L12 2 9.19 8.63 2 9.24l5.46 4.73L5.82 21z"
              />
            </svg>
          </span>
        </span>
        <span
          style="width: 0%; overflow: hidden; position: absolute;"
        >
          <span
            class="MuiRating-icon MuiRating-iconFilled css-1sagf1d-MuiRating-icon"
          >
            <svg
              aria-hidden="true"
              class="MuiSvgIcon-root MuiSvgIcon-fontSizeInherit css-1ckov0h-MuiSvgIcon-root"
              data-testid="StarIcon"
              focusable="false"
              viewBox="0 0 24 24"
            >
              <path
                d="M12 17.27L18.18 21l-1.64-7.03L22 9.24l-7.19-.61L12 2 9.19 8.63 2 9.24l5.46 4.73L5.82 21z"
              />
            </svg>
          </span>
        </span>
        <span
          style="width: 0%; overflow: hidden; position: absolute;"
        >
          <span
            class="MuiRating-icon MuiRating-iconFilled css-1sagf1d-MuiRating-icon"
          >
            <svg
              aria-hidden="true"
              class="MuiSvgIcon-root MuiSvgIcon-fontSizeInherit css-1ckov0h-MuiSvgIcon-root"
              data-testid="StarIcon"
              focusable="false"
              viewBox="0 0 24 24"
            >
              <path
                d="M12 17.27L18.18 21l-1.64-7.03L22 9.24l-7.19-.61L12 2 9.19 8.63 2 9.24l5.46 4.73L5.82 21z"
              />
            </svg>
          </span>
        </span>
        <span
          style="width: 0%; overflow: hidden; position: absolute;"
        >
          <span
            class="MuiRating-icon MuiRating-iconFilled css-1sagf1d-MuiRating-icon"
          >
            <svg
              aria-hidden="true"
              class="MuiSvgIcon-root MuiSvgIcon-fontSizeInherit css-1ckov0h-MuiSvgIcon-root"
              data-testid="StarIcon"
              focusable="false"
              viewBox="0 0 24 24"
            >
              <path
                d="M12 17.27L18.18 21l-1.64-7.03L22 9.24l-7.19-.61L12 2 9.19 8.63 2 9.24l5.46 4.73L5.82 21z"
              />
            </svg>
          </span>
        </span>
        <span
          style="width: 0%; overflow: hidden; position: absolute;"
        >
          <span
            class="MuiRating-icon MuiRating-iconFilled css-1sagf1d-MuiRating-icon"
          >
            <svg
              aria-hidden="true"
              class="MuiSvgIcon-root MuiSvgIcon-fontSizeInherit css-1ckov0h-MuiSvgIcon-root"
              data-testid="StarIcon"
              focusable="false"
              viewBox="0 0 24 24"
            >
              <path
                d="M12 17.27L18.18 21l-1.64-7.03L22 9.24l-7.19-.61L12 2 9.19 8.63 2 9.24l5.46 4.73L5.82 21z"
              />
            </svg>
          </span>
        </span>
        <span
          style="width: 0%; overflow: hidden; position: absolute;"
        >
          <span
            class="MuiRating-icon MuiRating-iconFilled css-1sagf1d-MuiRating-icon"
          >
            <svg
              aria-hidden="true"
              class="MuiSvgIcon-root MuiSvgIcon-fontSizeInherit css-1ckov0h-MuiSvgIcon-root"
              data-testid="StarIcon"
              focusable="false"
              viewBox="0 0 24 24"
            >
              <path
                d="M12 17.27L18.18 21l-1.64-7.03L22 9.24l-7.19-.61L12 2 9.19 8.63 2 9.24l5.46 4.73L5.82 21z"
              />
            </svg>
          </span>
        </span>
        <span
          style="width: 0%; overflow: hidden; position: absolute;"
        >
          <span
            class="MuiRating-icon MuiRating-iconFilled css-1sagf1d-MuiRating-icon"
          >
            <svg
              aria-hidden="true"
              class="MuiSvgIcon-root MuiSvgIcon-fontSizeInherit css-1ckov0h-MuiSvgIcon-root"
              data-testid="StarIcon"
              focusable="false"
              viewBox="0 0 24 24"
            >
              <path
                d="M12 17.27L18.18 21l-1.64-7.03L22 9.24l-7.19-.61L12 2 9.19 8.63 2 9.24l5.46 4.73L5.82 21z"
              />
            </svg>
          </span>
        </span>
        <span
          style="width: 0%; overflow: hidden; position: absolute;"
        >
          <span
            class="MuiRating-icon MuiRating-iconFilled css-1sagf1d-MuiRating-icon"
          >
            <svg
              aria-hidden="true"
              class="MuiSvgIcon-root MuiSvgIcon-fontSizeInherit css-1ckov0h-MuiSvgIcon-root"
              data-testid="StarIcon"
              focusable="false"
              viewBox="0 0 24 24"
            >
              <path
                d="M12 17.27L18.18 21l-1.64-7.03L22 9.24l-7.19-.61L12 2 9.19 8.63 2 9.24l5.46 4.73L5.82 21z"
              />
            </svg>
          </span>
        </span>
        <span
          style="width: 0%; overflow: hidden; position: absolute;"
        >
          <span
            class="MuiRating-icon MuiRating-iconFilled css-1sagf1d-MuiRating-icon"
          >
            <svg
              aria-hidden="true"
              class="MuiSvgIcon-root MuiSvgIcon-fontSizeInherit css-1ckov0h-MuiSvgIcon-root"
              data-testid="StarIcon"
              focusable="false"
              viewBox="0 0 24 24"
            >
              <path
                d="M12 17.27L18.18 21l-1.64-7.03L22 9.24l-7.19-.61L12 2 9.19 8.63 2 9.24l5.46 4.73L5.82 21z"
              />
            </svg>
          </span>
        </span>
        <span>
          <span
            class="MuiRating-icon MuiRating-iconFilled css-1sagf1d-MuiRating-icon"
          >
            <svg
              aria-hidden="true"
              class="MuiSvgIcon-root MuiSvgIcon-fontSizeInherit css-1ckov0h-MuiSvgIcon-root"
              data-testid="StarIcon"
              focusable="false"
              viewBox="0 0 24 24"
            >
              <path
                d="M12 17.27L18.18 21l-1.64-7.03L22 9.24l-7.19-.61L12 2 9.19 8.63 2 9.24l5.46 4.73L5.82 21z"
              />
            </svg>
          </span>
        </span>
      </span>
      <span
        class="MuiRating-decimal css-1czqjfa-MuiRating-decimal"
      >
        <span
          style="width: 0%; overflow: hidden; position: absolute;"
        >
          <span
            class="MuiRating-icon MuiRating-iconFilled css-1sagf1d-MuiRating-icon"
          >
            <svg
              aria-hidden="true"
              class="MuiSvgIcon-root MuiSvgIcon-fontSizeInherit css-1ckov0h-MuiSvgIcon-root"
              data-testid="StarIcon"
              focusable="false"
              viewBox="0 0 24 24"
            >
              <path
                d="M12 17.27L18.18 21l-1.64-7.03L22 9.24l-7.19-.61L12 2 9.19 8.63 2 9.24l5.46 4.73L5.82 21z"
              />
            </svg>
          </span>
        </span>
        <span
          style="width: 0%; overflow: hidden; position: absolute;"
        >
          <span
            class="MuiRating-icon MuiRating-iconFilled css-1sagf1d-MuiRating-icon"
          >
            <svg
              aria-hidden="true"
              class="MuiSvgIcon-root MuiSvgIcon-fontSizeInherit css-1ckov0h-MuiSvgIcon-root"
              data-testid="StarIcon"
              focusable="false"
              viewBox="0 0 24 24"
            >
              <path
                d="M12 17.27L18.18 21l-1.64-7.03L22 9.24l-7.19-.61L12 2 9.19 8.63 2 9.24l5.46 4.73L5.82 21z"
              />
            </svg>
          </span>
        </span>
        <span
          style="width: 0%; overflow: hidden; position: absolute;"
        >
          <span
            class="MuiRating-icon MuiRating-iconFilled css-1sagf1d-MuiRating-icon"
          >
            <svg
              aria-hidden="true"
              class="MuiSvgIcon-root MuiSvgIcon-fontSizeInherit css-1ckov0h-MuiSvgIcon-root"
              data-testid="StarIcon"
              focusable="false"
              viewBox="0 0 24 24"
            >
              <path
                d="M12 17.27L18.18 21l-1.64-7.03L22 9.24l-7.19-.61L12 2 9.19 8.63 2 9.24l5.46 4.73L5.82 21z"
              />
            </svg>
          </span>
        </span>
        <span
          style="width: 0%; overflow: hidden; position: absolute;"
        >
          <span
            class="MuiRating-icon MuiRating-iconFilled css-1sagf1d-MuiRating-icon"
          >
            <svg
              aria-hidden="true"
              class="MuiSvgIcon-root MuiSvgIcon-fontSizeInherit css-1ckov0h-MuiSvgIcon-root"
              data-testid="StarIcon"
              focusable="false"
              viewBox="0 0 24 24"
            >
              <path
                d="M12 17.27L18.18 21l-1.64-7.03L22 9.24l-7.19-.61L12 2 9.19 8.63 2 9.24l5.46 4.73L5.82 21z"
              />
            </svg>
          </span>
        </span>
        <span
          style="width: 0%; overflow: hidden; position: absolute;"
        >
          <span
            class="MuiRating-icon MuiRating-iconFilled css-1sagf1d-MuiRating-icon"
          >
            <svg
              aria-hidden="true"
              class="MuiSvgIcon-root MuiSvgIcon-fontSizeInherit css-1ckov0h-MuiSvgIcon-root"
              data-testid="StarIcon"
              focusable="false"
              viewBox="0 0 24 24"
            >
              <path
                d="M12 17.27L18.18 21l-1.64-7.03L22 9.24l-7.19-.61L12 2 9.19 8.63 2 9.24l5.46 4.73L5.82 21z"
              />
            </svg>
          </span>
        </span>
        <span
          style="width: 0%; overflow: hidden; position: absolute;"
        >
          <span
            class="MuiRating-icon MuiRating-iconFilled css-1sagf1d-MuiRating-icon"
          >
            <svg
              aria-hidden="true"
              class="MuiSvgIcon-root MuiSvgIcon-fontSizeInherit css-1ckov0h-MuiSvgIcon-root"
              data-testid="StarIcon"
              focusable="false"
              viewBox="0 0 24 24"
            >
              <path
                d="M12 17.27L18.18 21l-1.64-7.03L22 9.24l-7.19-.61L12 2 9.19 8.63 2 9.24l5.46 4.73L5.82 21z"
              />
            </svg>
          </span>
        </span>
        <span
          style="width: 0%; overflow: hidden; position: absolute;"
        >
          <span
            class="MuiRating-icon MuiRating-iconFilled css-1sagf1d-MuiRating-icon"
          >
            <svg
              aria-hidden="true"
              class="MuiSvgIcon-root MuiSvgIcon-fontSizeInherit css-1ckov0h-MuiSvgIcon-root"
              data-testid="StarIcon"
              focusable="false"
              viewBox="0 0 24 24"
            >
              <path
                d="M12 17.27L18.18 21l-1.64-7.03L22 9.24l-7.19-.61L12 2 9.19 8.63 2 9.24l5.46 4.73L5.82 21z"
              />
            </svg>
          </span>
        </span>
        <span
          style="width: 0%; overflow: hidden; position: absolute;"
        >
          <span
            class="MuiRating-icon MuiRating-iconFilled css-1sagf1d-MuiRating-icon"
          >
            <svg
              aria-hidden="true"
              class="MuiSvgIcon-root MuiSvgIcon-fontSizeInherit css-1ckov0h-MuiSvgIcon-root"
              data-testid="StarIcon"
              focusable="false"
              viewBox="0 0 24 24"
            >
              <path
                d="M12 17.27L18.18 21l-1.64-7.03L22 9.24l-7.19-.61L12 2 9.19 8.63 2 9.24l5.46 4.73L5.82 21z"
              />
            </svg>
          </span>
        </span>
        <span
          style="width: 0%; overflow: hidden; position: absolute;"
        >
          <span
            class="MuiRating-icon MuiRating-iconFilled css-1sagf1d-MuiRating-icon"
          >
            <svg
              aria-hidden="true"
              class="MuiSvgIcon-root MuiSvgIcon-fontSizeInherit css-1ckov0h-MuiSvgIcon-root"
              data-testid="StarIcon"
              focusable="false"
              viewBox="0 0 24 24"
            >
              <path
                d="M12 17.27L18.18 21l-1.64-7.03L22 9.24l-7.19-.61L12 2 9.19 8.63 2 9.24l5.46 4.73L5.82 21z"
              />
            </svg>
          </span>
        </span>
        <span>
          <span
            class="MuiRating-icon MuiRating-iconFilled css-1sagf1d-MuiRating-icon"
          >
            <svg
              aria-hidden="true"
              class="MuiSvgIcon-root MuiSvgIcon-fontSizeInherit css-1ckov0h-MuiSvgIcon-root"
              data-testid="StarIcon"
              focusable="false"
              viewBox="0 0 24 24"
            >
              <path
                d="M12 17.27L18.18 21l-1.64-7.03L22 9.24l-7.19-.61L12 2 9.19 8.63 2 9.24l5.46 4.73L5.82 21z"
              />
            </svg>
          </span>
        </span>
      </span>
      <span
        class="MuiRating-decimal css-1czqjfa-MuiRating-decimal"
      >
        <span
          style="width: 0%; overflow: hidden; position: absolute;"
        >
          <span
            class="MuiRating-icon MuiRating-iconFilled css-1sagf1d-MuiRating-icon"
          >
            <svg
              aria-hidden="true"
              class="MuiSvgIcon-root MuiSvgIcon-fontSizeInherit css-1ckov0h-MuiSvgIcon-root"
              data-testid="StarIcon"
              focusable="false"
              viewBox="0 0 24 24"
            >
              <path
                d="M12 17.27L18.18 21l-1.64-7.03L22 9.24l-7.19-.61L12 2 9.19 8.63 2 9.24l5.46 4.73L5.82 21z"
              />
            </svg>
          </span>
        </span>
        <span
          style="width: 0%; overflow: hidden; position: absolute;"
        >
          <span
            class="MuiRating-icon MuiRating-iconFilled css-1sagf1d-MuiRating-icon"
          >
            <svg
              aria-hidden="true"
              class="MuiSvgIcon-root MuiSvgIcon-fontSizeInherit css-1ckov0h-MuiSvgIcon-root"
              data-testid="StarIcon"
              focusable="false"
              viewBox="0 0 24 24"
            >
              <path
                d="M12 17.27L18.18 21l-1.64-7.03L22 9.24l-7.19-.61L12 2 9.19 8.63 2 9.24l5.46 4.73L5.82 21z"
              />
            </svg>
          </span>
        </span>
        <span
          style="width: 0%; overflow: hidden; position: absolute;"
        >
          <span
            class="MuiRating-icon MuiRating-iconFilled css-1sagf1d-MuiRating-icon"
          >
            <svg
              aria-hidden="true"
              class="MuiSvgIcon-root MuiSvgIcon-fontSizeInherit css-1ckov0h-MuiSvgIcon-root"
              data-testid="StarIcon"
              focusable="false"
              viewBox="0 0 24 24"
            >
              <path
                d="M12 17.27L18.18 21l-1.64-7.03L22 9.24l-7.19-.61L12 2 9.19 8.63 2 9.24l5.46 4.73L5.82 21z"
              />
            </svg>
          </span>
        </span>
        <span
          style="width: 0%; overflow: hidden; position: absolute;"
        >
          <span
            class="MuiRating-icon MuiRating-iconFilled css-1sagf1d-MuiRating-icon"
          >
            <svg
              aria-hidden="true"
              class="MuiSvgIcon-root MuiSvgIcon-fontSizeInherit css-1ckov0h-MuiSvgIcon-root"
              data-testid="StarIcon"
              focusable="false"
              viewBox="0 0 24 24"
            >
              <path
                d="M12 17.27L18.18 21l-1.64-7.03L22 9.24l-7.19-.61L12 2 9.19 8.63 2 9.24l5.46 4.73L5.82 21z"
              />
            </svg>
          </span>
        </span>
        <span
          style="width: 0%; overflow: hidden; position: absolute;"
        >
          <span
            class="MuiRating-icon MuiRating-iconFilled css-1sagf1d-MuiRating-icon"
          >
            <svg
              aria-hidden="true"
              class="MuiSvgIcon-root MuiSvgIcon-fontSizeInherit css-1ckov0h-MuiSvgIcon-root"
              data-testid="StarIcon"
              focusable="false"
              viewBox="0 0 24 24"
            >
              <path
                d="M12 17.27L18.18 21l-1.64-7.03L22 9.24l-7.19-.61L12 2 9.19 8.63 2 9.24l5.46 4.73L5.82 21z"
              />
            </svg>
          </span>
        </span>
        <span
          style="width: 0%; overflow: hidden; position: absolute;"
        >
          <span
            class="MuiRating-icon MuiRating-iconFilled css-1sagf1d-MuiRating-icon"
          >
            <svg
              aria-hidden="true"
              class="MuiSvgIcon-root MuiSvgIcon-fontSizeInherit css-1ckov0h-MuiSvgIcon-root"
              data-testid="StarIcon"
              focusable="false"
              viewBox="0 0 24 24"
            >
              <path
                d="M12 17.27L18.18 21l-1.64-7.03L22 9.24l-7.19-.61L12 2 9.19 8.63 2 9.24l5.46 4.73L5.82 21z"
              />
            </svg>
          </span>
        </span>
        <span
          style="width: 0%; overflow: hidden; position: absolute;"
        >
          <span
            class="MuiRating-icon MuiRating-iconFilled css-1sagf1d-MuiRating-icon"
          >
            <svg
              aria-hidden="true"
              class="MuiSvgIcon-root MuiSvgIcon-fontSizeInherit css-1ckov0h-MuiSvgIcon-root"
              data-testid="StarIcon"
              focusable="false"
              viewBox="0 0 24 24"
            >
              <path
                d="M12 17.27L18.18 21l-1.64-7.03L22 9.24l-7.19-.61L12 2 9.19 8.63 2 9.24l5.46 4.73L5.82 21z"
              />
            </svg>
          </span>
        </span>
        <span
          style="width: 0%; overflow: hidden; position: absolute;"
        >
          <span
            class="MuiRating-icon MuiRating-iconFilled css-1sagf1d-MuiRating-icon"
          >
            <svg
              aria-hidden="true"
              class="MuiSvgIcon-root MuiSvgIcon-fontSizeInherit css-1ckov0h-MuiSvgIcon-root"
              data-testid="StarIcon"
              focusable="false"
              viewBox="0 0 24 24"
            >
              <path
                d="M12 17.27L18.18 21l-1.64-7.03L22 9.24l-7.19-.61L12 2 9.19 8.63 2 9.24l5.46 4.73L5.82 21z"
              />
            </svg>
          </span>
        </span>
        <span
          style="width: 0%; overflow: hidden; position: absolute;"
        >
          <span
            class="MuiRating-icon MuiRating-iconFilled css-1sagf1d-MuiRating-icon"
          >
            <svg
              aria-hidden="true"
              class="MuiSvgIcon-root MuiSvgIcon-fontSizeInherit css-1ckov0h-MuiSvgIcon-root"
              data-testid="StarIcon"
              focusable="false"
              viewBox="0 0 24 24"
            >
              <path
                d="M12 17.27L18.18 21l-1.64-7.03L22 9.24l-7.19-.61L12 2 9.19 8.63 2 9.24l5.46 4.73L5.82 21z"
              />
            </svg>
          </span>
        </span>
        <span>
          <span
            class="MuiRating-icon MuiRating-iconFilled css-1sagf1d-MuiRating-icon"
          >
            <svg
              aria-hidden="true"
              class="MuiSvgIcon-root MuiSvgIcon-fontSizeInherit css-1ckov0h-MuiSvgIcon-root"
              data-testid="StarIcon"
              focusable="false"
              viewBox="0 0 24 24"
            >
              <path
                d="M12 17.27L18.18 21l-1.64-7.03L22 9.24l-7.19-.61L12 2 9.19 8.63 2 9.24l5.46 4.73L5.82 21z"
              />
            </svg>
          </span>
        </span>
      </span>
      <span
        class="MuiRating-decimal css-1czqjfa-MuiRating-decimal"
      >
        <span
          style="width: 0%; overflow: hidden; position: absolute;"
        >
          <span
            class="MuiRating-icon MuiRating-iconFilled css-1sagf1d-MuiRating-icon"
          >
            <svg
              aria-hidden="true"
              class="MuiSvgIcon-root MuiSvgIcon-fontSizeInherit css-1ckov0h-MuiSvgIcon-root"
              data-testid="StarIcon"
              focusable="false"
              viewBox="0 0 24 24"
            >
              <path
                d="M12 17.27L18.18 21l-1.64-7.03L22 9.24l-7.19-.61L12 2 9.19 8.63 2 9.24l5.46 4.73L5.82 21z"
              />
            </svg>
          </span>
        </span>
        <span
          style="width: 0%; overflow: hidden; position: absolute;"
        >
          <span
            class="MuiRating-icon MuiRating-iconFilled css-1sagf1d-MuiRating-icon"
          >
            <svg
              aria-hidden="true"
              class="MuiSvgIcon-root MuiSvgIcon-fontSizeInherit css-1ckov0h-MuiSvgIcon-root"
              data-testid="StarIcon"
              focusable="false"
              viewBox="0 0 24 24"
            >
              <path
                d="M12 17.27L18.18 21l-1.64-7.03L22 9.24l-7.19-.61L12 2 9.19 8.63 2 9.24l5.46 4.73L5.82 21z"
              />
            </svg>
          </span>
        </span>
        <span
          style="width: 0%; overflow: hidden; position: absolute;"
        >
          <span
            class="MuiRating-icon MuiRating-iconFilled css-1sagf1d-MuiRating-icon"
          >
            <svg
              aria-hidden="true"
              class="MuiSvgIcon-root MuiSvgIcon-fontSizeInherit css-1ckov0h-MuiSvgIcon-root"
              data-testid="StarIcon"
              focusable="false"
              viewBox="0 0 24 24"
            >
              <path
                d="M12 17.27L18.18 21l-1.64-7.03L22 9.24l-7.19-.61L12 2 9.19 8.63 2 9.24l5.46 4.73L5.82 21z"
              />
            </svg>
          </span>
        </span>
        <span
          style="width: 0%; overflow: hidden; position: absolute;"
        >
          <span
            class="MuiRating-icon MuiRating-iconFilled css-1sagf1d-MuiRating-icon"
          >
            <svg
              aria-hidden="true"
              class="MuiSvgIcon-root MuiSvgIcon-fontSizeInherit css-1ckov0h-MuiSvgIcon-root"
              data-testid="StarIcon"
              focusable="false"
              viewBox="0 0 24 24"
            >
              <path
                d="M12 17.27L18.18 21l-1.64-7.03L22 9.24l-7.19-.61L12 2 9.19 8.63 2 9.24l5.46 4.73L5.82 21z"
              />
            </svg>
          </span>
        </span>
        <span
          style="width: 0%; overflow: hidden; position: absolute;"
        >
          <span
            class="MuiRating-icon MuiRating-iconFilled css-1sagf1d-MuiRating-icon"
          >
            <svg
              aria-hidden="true"
              class="MuiSvgIcon-root MuiSvgIcon-fontSizeInherit css-1ckov0h-MuiSvgIcon-root"
              data-testid="StarIcon"
              focusable="false"
              viewBox="0 0 24 24"
            >
              <path
                d="M12 17.27L18.18 21l-1.64-7.03L22 9.24l-7.19-.61L12 2 9.19 8.63 2 9.24l5.46 4.73L5.82 21z"
              />
            </svg>
          </span>
        </span>
        <span
          style="width: 0%; overflow: hidden; position: absolute;"
        >
          <span
            class="MuiRating-icon MuiRating-iconFilled css-1sagf1d-MuiRating-icon"
          >
            <svg
              aria-hidden="true"
              class="MuiSvgIcon-root MuiSvgIcon-fontSizeInherit css-1ckov0h-MuiSvgIcon-root"
              data-testid="StarIcon"
              focusable="false"
              viewBox="0 0 24 24"
            >
              <path
                d="M12 17.27L18.18 21l-1.64-7.03L22 9.24l-7.19-.61L12 2 9.19 8.63 2 9.24l5.46 4.73L5.82 21z"
              />
            </svg>
          </span>
        </span>
        <span
          style="width: 0%; overflow: hidden; position: absolute;"
        >
          <span
            class="MuiRating-icon MuiRating-iconFilled css-1sagf1d-MuiRating-icon"
          >
            <svg
              aria-hidden="true"
              class="MuiSvgIcon-root MuiSvgIcon-fontSizeInherit css-1ckov0h-MuiSvgIcon-root"
              data-testid="StarIcon"
              focusable="false"
              viewBox="0 0 24 24"
            >
              <path
                d="M12 17.27L18.18 21l-1.64-7.03L22 9.24l-7.19-.61L12 2 9.19 8.63 2 9.24l5.46 4.73L5.82 21z"
              />
            </svg>
          </span>
        </span>
        <span
          style="width: 0%; overflow: hidden; position: absolute;"
        >
          <span
            class="MuiRating-icon MuiRating-iconFilled css-1sagf1d-MuiRating-icon"
          >
            <svg
              aria-hidden="true"
              class="MuiSvgIcon-root MuiSvgIcon-fontSizeInherit css-1ckov0h-MuiSvgIcon-root"
              data-testid="StarIcon"
              focusable="false"
              viewBox="0 0 24 24"
            >
              <path
                d="M12 17.27L18.18 21l-1.64-7.03L22 9.24l-7.19-.61L12 2 9.19 8.63 2 9.24l5.46 4.73L5.82 21z"
              />
            </svg>
          </span>
        </span>
        <span
          style="width: 0%; overflow: hidden; position: absolute;"
        >
          <span
            class="MuiRating-icon MuiRating-iconFilled css-1sagf1d-MuiRating-icon"
          >
            <svg
              aria-hidden="true"
              class="MuiSvgIcon-root MuiSvgIcon-fontSizeInherit css-1ckov0h-MuiSvgIcon-root"
              data-testid="StarIcon"
              focusable="false"
              viewBox="0 0 24 24"
            >
              <path
                d="M12 17.27L18.18 21l-1.64-7.03L22 9.24l-7.19-.61L12 2 9.19 8.63 2 9.24l5.46 4.73L5.82 21z"
              />
            </svg>
          </span>
        </span>
        <span>
          <span
            class="MuiRating-icon MuiRating-iconFilled css-1sagf1d-MuiRating-icon"
          >
            <svg
              aria-hidden="true"
              class="MuiSvgIcon-root MuiSvgIcon-fontSizeInherit css-1ckov0h-MuiSvgIcon-root"
              data-testid="StarIcon"
              focusable="false"
              viewBox="0 0 24 24"
            >
              <path
                d="M12 17.27L18.18 21l-1.64-7.03L22 9.24l-7.19-.61L12 2 9.19 8.63 2 9.24l5.46 4.73L5.82 21z"
              />
            </svg>
          </span>
        </span>
      </span>
      <span
        class="MuiRating-decimal css-1czqjfa-MuiRating-decimal"
      >
        <span
          style="width: 0%; overflow: hidden; position: absolute;"
        >
          <span
            class="MuiRating-icon MuiRating-iconFilled css-1sagf1d-MuiRating-icon"
          >
            <svg
              aria-hidden="true"
              class="MuiSvgIcon-root MuiSvgIcon-fontSizeInherit css-1ckov0h-MuiSvgIcon-root"
              data-testid="StarIcon"
              focusable="false"
              viewBox="0 0 24 24"
            >
              <path
                d="M12 17.27L18.18 21l-1.64-7.03L22 9.24l-7.19-.61L12 2 9.19 8.63 2 9.24l5.46 4.73L5.82 21z"
              />
            </svg>
          </span>
        </span>
        <span
          style="width: 0%; overflow: hidden; position: absolute;"
        >
          <span
            class="MuiRating-icon MuiRating-iconFilled css-1sagf1d-MuiRating-icon"
          >
            <svg
              aria-hidden="true"
              class="MuiSvgIcon-root MuiSvgIcon-fontSizeInherit css-1ckov0h-MuiSvgIcon-root"
              data-testid="StarIcon"
              focusable="false"
              viewBox="0 0 24 24"
            >
              <path
                d="M12 17.27L18.18 21l-1.64-7.03L22 9.24l-7.19-.61L12 2 9.19 8.63 2 9.24l5.46 4.73L5.82 21z"
              />
            </svg>
          </span>
        </span>
        <span
          style="width: 0%; overflow: hidden; position: absolute;"
        >
          <span
            class="MuiRating-icon MuiRating-iconFilled css-1sagf1d-MuiRating-icon"
          >
            <svg
              aria-hidden="true"
              class="MuiSvgIcon-root MuiSvgIcon-fontSizeInherit css-1ckov0h-MuiSvgIcon-root"
              data-testid="StarIcon"
              focusable="false"
              viewBox="0 0 24 24"
            >
              <path
                d="M12 17.27L18.18 21l-1.64-7.03L22 9.24l-7.19-.61L12 2 9.19 8.63 2 9.24l5.46 4.73L5.82 21z"
              />
            </svg>
          </span>
        </span>
        <span
          style="width: 0%; overflow: hidden; position: absolute;"
        >
          <span
            class="MuiRating-icon MuiRating-iconFilled css-1sagf1d-MuiRating-icon"
          >
            <svg
              aria-hidden="true"
              class="MuiSvgIcon-root MuiSvgIcon-fontSizeInherit css-1ckov0h-MuiSvgIcon-root"
              data-testid="StarIcon"
              focusable="false"
              viewBox="0 0 24 24"
            >
              <path
                d="M12 17.27L18.18 21l-1.64-7.03L22 9.24l-7.19-.61L12 2 9.19 8.63 2 9.24l5.46 4.73L5.82 21z"
              />
            </svg>
          </span>
        </span>
        <span
          style="width: 50%; overflow: hidden; position: absolute;"
        >
          <span
            class="MuiRating-icon MuiRating-iconFilled css-1sagf1d-MuiRating-icon"
          >
            <svg
              aria-hidden="true"
              class="MuiSvgIcon-root MuiSvgIcon-fontSizeInherit css-1ckov0h-MuiSvgIcon-root"
              data-testid="StarIcon"
              focusable="false"
              viewBox="0 0 24 24"
            >
              <path
                d="M12 17.27L18.18 21l-1.64-7.03L22 9.24l-7.19-.61L12 2 9.19 8.63 2 9.24l5.46 4.73L5.82 21z"
              />
            </svg>
          </span>
        </span>
        <span
          style="width: 0%; overflow: hidden; position: absolute;"
        >
          <span
            class="MuiRating-icon MuiRating-iconEmpty css-9xw0na-MuiRating-icon"
          >
            <svg
              aria-hidden="true"
              class="MuiSvgIcon-root MuiSvgIcon-fontSizeInherit css-1ckov0h-MuiSvgIcon-root"
              data-testid="StarBorderIcon"
              focusable="false"
              viewBox="0 0 24 24"
            >
              <path
                d="M22 9.24l-7.19-.62L12 2 9.19 8.63 2 9.24l5.46 4.73L5.82 21 12 17.27 18.18 21l-1.63-7.03L22 9.24zM12 15.4l-3.76 2.27 1-4.28-3.32-2.88 4.38-.38L12 6.1l1.71 4.04 4.38.38-3.32 2.88 1 4.28L12 15.4z"
              />
            </svg>
          </span>
        </span>
        <span
          style="width: 0%; overflow: hidden; position: absolute;"
        >
          <span
            class="MuiRating-icon MuiRating-iconEmpty css-9xw0na-MuiRating-icon"
          >
            <svg
              aria-hidden="true"
              class="MuiSvgIcon-root MuiSvgIcon-fontSizeInherit css-1ckov0h-MuiSvgIcon-root"
              data-testid="StarBorderIcon"
              focusable="false"
              viewBox="0 0 24 24"
            >
              <path
                d="M22 9.24l-7.19-.62L12 2 9.19 8.63 2 9.24l5.46 4.73L5.82 21 12 17.27 18.18 21l-1.63-7.03L22 9.24zM12 15.4l-3.76 2.27 1-4.28-3.32-2.88 4.38-.38L12 6.1l1.71 4.04 4.38.38-3.32 2.88 1 4.28L12 15.4z"
              />
            </svg>
          </span>
        </span>
        <span
          style="width: 0%; overflow: hidden; position: absolute;"
        >
          <span
            class="MuiRating-icon MuiRating-iconEmpty css-9xw0na-MuiRating-icon"
          >
            <svg
              aria-hidden="true"
              class="MuiSvgIcon-root MuiSvgIcon-fontSizeInherit css-1ckov0h-MuiSvgIcon-root"
              data-testid="StarBorderIcon"
              focusable="false"
              viewBox="0 0 24 24"
            >
              <path
                d="M22 9.24l-7.19-.62L12 2 9.19 8.63 2 9.24l5.46 4.73L5.82 21 12 17.27 18.18 21l-1.63-7.03L22 9.24zM12 15.4l-3.76 2.27 1-4.28-3.32-2.88 4.38-.38L12 6.1l1.71 4.04 4.38.38-3.32 2.88 1 4.28L12 15.4z"
              />
            </svg>
          </span>
        </span>
        <span
          style="width: 0%; overflow: hidden; position: absolute;"
        >
          <span
            class="MuiRating-icon MuiRating-iconEmpty css-9xw0na-MuiRating-icon"
          >
            <svg
              aria-hidden="true"
              class="MuiSvgIcon-root MuiSvgIcon-fontSizeInherit css-1ckov0h-MuiSvgIcon-root"
              data-testid="StarBorderIcon"
              focusable="false"
              viewBox="0 0 24 24"
            >
              <path
                d="M22 9.24l-7.19-.62L12 2 9.19 8.63 2 9.24l5.46 4.73L5.82 21 12 17.27 18.18 21l-1.63-7.03L22 9.24zM12 15.4l-3.76 2.27 1-4.28-3.32-2.88 4.38-.38L12 6.1l1.71 4.04 4.38.38-3.32 2.88 1 4.28L12 15.4z"
              />
            </svg>
          </span>
        </span>
        <span>
          <span
            class="MuiRating-icon MuiRating-iconEmpty css-9xw0na-MuiRating-icon"
          >
            <svg
              aria-hidden="true"
              class="MuiSvgIcon-root MuiSvgIcon-fontSizeInherit css-1ckov0h-MuiSvgIcon-root"
              data-testid="StarBorderIcon"
              focusable="false"
              viewBox="0 0 24 24"
            >
              <path
                d="M22 9.24l-7.19-.62L12 2 9.19 8.63 2 9.24l5.46 4.73L5.82 21 12 17.27 18.18 21l-1.63-7.03L22 9.24zM12 15.4l-3.76 2.27 1-4.28-3.32-2.88 4.38-.38L12 6.1l1.71 4.04 4.38.38-3.32 2.88 1 4.28L12 15.4z"
              />
            </svg>
          </span>
        </span>
      </span>
    </span>
    <p
      class="MuiTypography-root MuiTypography-body2 css-1hpvxul-MuiTypography-root"
    >
      (
      4.5
      )
    </p>
    <div
      class="MuiChip-root MuiChip-filled MuiChip-sizeSmall MuiChip-colorPrimary MuiChip-filledPrimary css-18ouv1v-MuiChip-root"
    >
      <span
        class="MuiChip-label MuiChip-labelSmall css-eccknh-MuiChip-label"
      >
        Test Category
      </span>
    </div>
  </div>
</div>
`;
